STDOUT TEST
